AR overtime5min behavioral /root/VHDL/Sport/TimeCounts/Overtime5min.vhd sub00/vhpl17 1511013182
AR cd2min behavioral /root/VHDL/Sport/TimeCounts/CD2min.vhd sub00/vhpl15 1511013180
EN timetop NULL /root/VHDL/Sport/TimeCounts/TimeTop.vhd sub00/vhpl24 1511013189
EN cd10min NULL /root/VHDL/Sport/TimeCounts/CD10min.vhd sub00/vhpl10 1511013175
EN clk1s NULL /root/VHDL/Sport/TimeCounts/CLK1s.vhd sub00/vhpl02 1511013167
AR counts_quarter behavioral /root/VHDL/Sport/TimeCounts/Counts_Quarter.vhd sub00/vhpl07 1511013172
AR clk1ms behavioral /root/VHDL/Sport/TimeCounts/CLK1ms.vhd sub00/vhpl01 1511013166
AR debouce behavioral /root/VHDL/Sport/TimeCounts/Debouce.vhd sub00/vhpl05 1511013170
EN cd15min NULL /root/VHDL/Sport/TimeCounts/CD15min.vhd sub00/vhpl12 1511013177
AR cd10min behavioral /root/VHDL/Sport/TimeCounts/CD10min.vhd sub00/vhpl11 1511013176
AR bcd behavioral /root/VHDL/Sport/TimeCounts/BCD.vhd sub00/vhpl23 1511013188
AR buzzer behavioral /root/VHDL/Sport/TimeCounts/Buzzer.vhd sub00/vhpl19 1511013184
EN cd2min NULL /root/VHDL/Sport/TimeCounts/CD2min.vhd sub00/vhpl14 1511013179
EN overtime5min NULL /root/VHDL/Sport/TimeCounts/Overtime5min.vhd sub00/vhpl16 1511013181
AR timetop structural /root/VHDL/Sport/TimeCounts/TimeTop.vhd sub00/vhpl25 1511013190
AR fsm behavioral /root/VHDL/Sport/TimeCounts/FSM.vhd sub00/vhpl09 1511013174
EN buzzer NULL /root/VHDL/Sport/TimeCounts/Buzzer.vhd sub00/vhpl18 1511013183
EN debouce NULL /root/VHDL/Sport/TimeCounts/Debouce.vhd sub00/vhpl04 1511013169
EN fsm NULL /root/VHDL/Sport/TimeCounts/FSM.vhd sub00/vhpl08 1511013173
EN bcd NULL /root/VHDL/Sport/TimeCounts/BCD.vhd sub00/vhpl22 1511013187
EN clk1ms NULL /root/VHDL/Sport/TimeCounts/CLK1ms.vhd sub00/vhpl00 1511013165
EN counts_quarter NULL /root/VHDL/Sport/TimeCounts/Counts_Quarter.vhd sub00/vhpl06 1511013171
AR clk1s behavioral /root/VHDL/Sport/TimeCounts/CLK1s.vhd sub00/vhpl03 1511013168
AR scandigit behavioral /root/VHDL/Sport/TimeCounts/ScanDigit.vhd sub00/vhpl21 1511013186
EN scandigit NULL /root/VHDL/Sport/TimeCounts/ScanDigit.vhd sub00/vhpl20 1511013185
AR cd15min behavioral /root/VHDL/Sport/TimeCounts/CD15min.vhd sub00/vhpl13 1511013178
